[Error] Compiler: Contexts must have at least one HOLE.
