V ==K fun ( Triple ( x , y , z , .Names ) -> y ) | .Cases
