<generatedTop>
  <k>
    1
  </k>
  <stuff>
    <bar>
      0
    </bar>
  </stuff>
</generatedTop>
