[Error] Compiler: Had 1 parsing errors.
[Error] Inner Parser: Parse error: unexpected character '<'.
	Location(26,6,26,7)
