<k>
    .K
</k>
<env>
    "a" |-> dataList ( ListItem ( piece ( 7 , 3 ) ) )
</env>
