<k>
    .K
</k>
<env>
    "a" |-> dataList ( ListItem ( piece ( 210 , 8 ) ) )
</env>
