Solution 1
<T> <k> 0 </k> </T>
 AND V0 ==K 0
Solution 2
<T> <k> 1 </k> </T>
 AND V0 ==K 1
