./test/resources//test-exception-7.kore:6:5:
  |
6 |     `2:S []
  |     ^
genericIdRawParser: Invalid first character '`'.
