./test/resources//test-exception-21.kore:5:10:
  |
5 |   sort C ["d"]
  |          ^
unexpected '['
expecting '{'
