<T>
  <k>
    b
  </k>
  <l>
    ListItem ( a )
    ListItem ( b )
    ListItem ( c )
  </l>
  <v>
    .
  </v>
</T>
