<T>
  <k>
    c
  </k>
  <l>
    ListItem ( a )
    ListItem ( b )
    ListItem ( c )
  </l>
  <v>
    c
  </v>
</T>
