<T>
    <k>
        .K
    </k>
    <set>
        SetItem(1)
        SetItem(2)
        SetItem(3)
    </set>
</T>
