<T> <k> "abcde" ~> . </k> <x> <a> 1 </a> <b> 2 </b> <c> 3 </c> <d> 4 </d> .ECell </x> </T>
