Solution ==K ( A:Term |-> V0 )
B:Term |-> V1
C:Term |-> V0
