<T>
    <k>
        a
    </k>
    <j>
        .Bag
    </j>
    <one>
        .Set
    </one>
    <two>
        .Set
    </two>
</T>
