<k>
  removeResult ( ( MAP
  Z |-> 1 ) [ Y <- undef ] [ Z ] )
</k>
