Search results:

Solution 1:
Result:K -->
_2 ~> foo19 ( 1 )
