[Error] Compiler: Had 1 structural errors.
[Error] Compiler: Multiple top sorts found for B: KList and Bag.
	Location(14,1,14,8)
