<T>
  <k>
    .
  </k>
  <env>
    m |-> 1
    n |-> 2
    q |-> 3
    r |-> 4
    s |-> 5
  </env>
  <store>
    1 |-> 2
    2 |-> 1
    3 |-> 1
    4 |-> 3
    5 |-> 66
  </store>
</T>
