  S ==K "5"
#Or
  S ==K "10"
#Or
  S ==K "15"
#Or
  S ==K "20"
