<T>
    <k>
        .K
    </k>
    <state>
        a |-> 3
        b |-> 7
        c |-> 5
        max |-> 7
    </state>
</T>
