<T>
  <k>
    int x, y, .Ids;
    { }
  </k>
  <state>
    .Map
  </state>
</T>

