V ==K [ Pair ( 10 , ( 9 , .GeneratedListBottom ) ) , ( Pair ( 0 , ( 1 , .GeneratedListBottom ) ) , ( Pair ( 0 , ( 0 , .GeneratedListBottom ) ) , .GeneratedListBottom ) ) ] #And
