0 1 2 3 4 5 6 7 8 9 

==========
Statistics
==========

Objects created:
   A |-> 14
   B |-> 8
   C |-> 10
   Main |-> 1

Methods invoked:
   A.A |-> 14
   B.B |-> 8
   C.C |-> 10
   Main.Main |-> 1
