100 200 1 20 2

==========
Statistics
==========

Objects created:
   C3 |-> 1
   Main |-> 1

Methods invoked:
   C1.C1 |-> 1
   C2.C2 |-> 1
   C3.C3 |-> 1
   Main.Main |-> 1
