<T>
  <k>
    1 /Rat 0 ==Rat 1 /Rat 0 ;  .Pgm
  </k>
</T>
