<T>
  <k>
    success
  </k>
  <a>
    SetItem ( x )
    SetItem ( y )
    SetItem ( z )
  </a>
  <b>
    SetItem ( x )
    SetItem ( y )
    SetItem ( z )
  </b>
</T>
