<generatedTop>
  <k>
    ( 1 + 1 ) - 1 ~> #freezer_;_TEST0_ ( )
  </k>
  <shouldHeat>
    false
  </shouldHeat>
  <state>
    .Map
  </state>
  <stuff>
    false
  </stuff>
</generatedTop>
